2026-04-18 11:47:04  [INFO    ]  Loading dataset …
2026-04-18 11:47:21  [INFO    ]  Loading dataset …
2026-04-18 11:47:23  [INFO    ]  Loading dataset …
2026-04-18 11:47:35  [INFO    ]  Loading dataset …
2026-04-18 11:47:35  [INFO    ]    Dataset  : 16126 rows × 27 features
2026-04-18 11:47:35  [INFO    ]    Classes  : [np.int64(0), np.int64(1), np.int64(2)] → [np.int64(0), np.int64(1), np.int64(2)]
2026-04-18 11:47:35  [INFO    ]    Counts   : {0: 5414, 1: 5420, 2: 5292}
2026-04-18 11:47:59  [INFO    ]    Split strategy: RANDOM (stratified) — full train / 20% test
2026-04-18 11:47:59  [INFO    ]    Train (full): 12900  Test: 3226
2026-04-18 11:47:59  [INFO    ]    [Optuna] Tuning RandomForest (10 trials) …
2026-04-18 11:48:30  [INFO    ]      Best RF: {'n_estimators': 94, 'max_depth': 16, 'min_samples_leaf': 10, 'max_features': 0.7041986740582306}  F1=0.5953
2026-04-18 11:48:30  [INFO    ]    [Optuna] Tuning HistGradientBoosting (10 trials) …
2026-04-18 11:48:44  [INFO    ]      Best HistGB: {'max_iter': 264, 'max_depth': 8, 'learning_rate': 0.0317239257884236, 'min_samples_leaf': 49, 'l2_regularization': 0.006067830538342802}  F1=0.5950
2026-04-18 11:48:44  [INFO    ]    [Optuna] Tuning XGBoost (10 trials) …
2026-04-18 11:49:00  [INFO    ]      Best XGBoost: {'n_estimators': 192, 'max_depth': 3, 'learning_rate': 0.10919245832109288, 'subsample': 0.7074625481911713, 'colsample_bytree': 0.9645659651689448, 'reg_lambda': 5.072615436811126, 'reg_alpha': 0.0011157667135717562}  F1=0.5952
2026-04-18 11:49:00  [INFO    ]    [Optuna] Tuning CatBoost (10 trials) …
2026-04-18 11:49:27  [INFO    ]      Best CatBoost: {'iterations': 120, 'depth': 8, 'learning_rate': 0.07510721456660194, 'l2_leaf_reg': 4.9647779989709, 'bagging_temperature': 0.28968734025209486}  F1=0.5959
2026-04-18 11:49:27  [INFO    ]  ============================================================
2026-04-18 11:49:27  [INFO    ]    ABLATION STUDY  (Race + evidence scores)
2026-04-18 11:49:27  [INFO    ]  ============================================================
2026-04-18 11:49:29  [INFO    ]    full          n_feat= 27  macro F1 = 0.5950
2026-04-18 11:49:30  [INFO    ]    no_race       n_feat= 27  macro F1 = 0.5950
2026-04-18 11:49:31  [INFO    ]    no_evid       n_feat= 24  macro F1 = 0.5920
2026-04-18 11:49:32  [INFO    ]    core_only     n_feat= 24  macro F1 = 0.5920
2026-04-18 11:49:32  [INFO    ]  
  Delta vs full-feature baseline:
2026-04-18 11:49:32  [INFO    ]      full          ΔF1 = +0.0000
2026-04-18 11:49:32  [INFO    ]      no_race       ΔF1 = +0.0000
2026-04-18 11:49:32  [INFO    ]      no_evid       ΔF1 = -0.0030
2026-04-18 11:49:32  [INFO    ]      core_only     ΔF1 = -0.0030
2026-04-18 11:49:32  [INFO    ]    ✔  Evidence score impact = 0.003 (<5%). Safe to retain.
2026-04-18 11:49:32  [INFO    ]    ✔  Race negligible (<0.5% F1). Consider dropping.
2026-04-18 11:49:32  [INFO    ]  ============================================================
2026-04-18 11:49:32  [INFO    ]    FORWARD PASS
2026-04-18 11:49:32  [INFO    ]  ============================================================
2026-04-18 11:49:32  [INFO    ]    Feature masks: all models use full 27 features
2026-04-18 11:49:32  [INFO    ]  
[Phase 1] OOF meta-features …
2026-04-18 11:49:32  [INFO    ]    ▸ RandomForest
2026-04-18 11:49:38  [INFO    ]      CV Acc: 0.5987 ± 0.0107
2026-04-18 11:49:38  [INFO    ]    ▸ HistGradientBoosting
2026-04-18 11:49:42  [INFO    ]      CV Acc: 0.6026 ± 0.0077
2026-04-18 11:49:42  [INFO    ]    ▸ CalibratedPolyLR
2026-04-18 11:49:51  [INFO    ]      CV Acc: 0.5953 ± 0.0122
2026-04-18 11:49:51  [INFO    ]    ▸ XGBoost
2026-04-18 11:49:54  [INFO    ]      CV Acc: 0.6029 ± 0.0104
2026-04-18 11:49:54  [INFO    ]    ▸ CatBoost
2026-04-18 11:50:01  [INFO    ]      CV Acc: 0.6053 ± 0.0098
2026-04-18 11:50:01  [INFO    ]  
[Phase 2] Final base learners (stratified bootstrap) …
2026-04-18 11:50:01  [INFO    ]    ▸ RandomForest
2026-04-18 11:50:01  [INFO    ]    ▸ HistGradientBoosting
2026-04-18 11:50:03  [INFO    ]    ▸ CalibratedPolyLR
2026-04-18 11:50:05  [INFO    ]    ▸ XGBoost
2026-04-18 11:50:06  [INFO    ]    ▸ CatBoost
2026-04-18 11:50:07  [INFO    ]  
[Phase 3] Training MLP meta-learner (64→32) …
2026-04-18 11:50:07  [INFO    ]    Meta MLP  lr=0.0005  epochs=400  hidden=(64,32)
2026-04-18 11:50:09  [INFO    ]    Train Acc: 0.5948  Val Acc: 0.6366
2026-04-18 11:50:09  [INFO    ]  
  ✔  Forward pass in 0.6 min
2026-04-18 11:50:09  [INFO    ]    Isotonic calibration fitted (OvR).
2026-04-18 11:50:09  [INFO    ]  
[Evaluation] Val set (12900 samples)
2026-04-18 11:50:10  [INFO    ]    accuracy              : 0.6505
2026-04-18 11:50:10  [INFO    ]    f1_macro              : 0.6467
2026-04-18 11:50:10  [INFO    ]    f1_weighted           : 0.6472
2026-04-18 11:50:10  [INFO    ]    precision_macro       : 0.6479
2026-04-18 11:50:10  [INFO    ]    recall_macro          : 0.6496
2026-04-18 11:50:10  [INFO    ]    roc_auc               : 0.8302
2026-04-18 11:50:10  [INFO    ]    log_loss              : 0.7712
2026-04-18 11:50:10  [INFO    ]    mcc                   : 0.4770
2026-04-18 11:50:10  [INFO    ]    cohen_kappa           : 0.4754
2026-04-18 11:50:10  [INFO    ]  
Classification Report:
              precision    recall  f1-score   support

           0       0.65      0.63      0.64      4331
           1       0.67      0.77      0.72      4336
           2       0.62      0.54      0.58      4233

    accuracy                           0.65     12900
   macro avg       0.65      0.65      0.65     12900
weighted avg       0.65      0.65      0.65     12900

2026-04-18 11:50:10  [INFO    ]  
[Evaluation] Test set (3226 samples)
2026-04-18 11:50:10  [INFO    ]    accuracy              : 0.6228
2026-04-18 11:50:10  [INFO    ]    f1_macro              : 0.6182
2026-04-18 11:50:10  [INFO    ]    f1_weighted           : 0.6188
2026-04-18 11:50:10  [INFO    ]    precision_macro       : 0.6198
2026-04-18 11:50:10  [INFO    ]    recall_macro          : 0.6220
2026-04-18 11:50:10  [INFO    ]    roc_auc               : 0.7910
2026-04-18 11:50:10  [INFO    ]    log_loss              : 0.8819
2026-04-18 11:50:10  [INFO    ]    mcc                   : 0.4358
2026-04-18 11:50:10  [INFO    ]    cohen_kappa           : 0.4339
2026-04-18 11:50:10  [INFO    ]  
Classification Report:
              precision    recall  f1-score   support

           0       0.64      0.57      0.60      1083
           1       0.65      0.77      0.71      1084
           2       0.57      0.52      0.55      1059

    accuracy                           0.62      3226
   macro avg       0.62      0.62      0.62      3226
weighted avg       0.62      0.62      0.62      3226

2026-04-18 11:50:13  [INFO    ]  [Feature Importance] Computing permutation importance …
2026-04-18 11:50:13  [INFO    ]  
[Permutation Importance] n_repeats=10 …
2026-04-18 11:50:30  [INFO    ]    Model saved → C:\Users\Quoc Thai\Downloads\ML\HealthcareSystemForDengueFever\artifacts\model\stacking_improved_20260418_114704.pkl
